{
 "candidates": 5000,
 "search_questions": 200,
 "per_sigma": {
  "0.00025": 1250,
  "0.0005": 1250,
  "0.001": 1250,
  "0.002": 1250
 },
 "base_search_correct": 72,
 "missing_predictions": 0,
 "audit": 500,
 "audit_per_sigma": {
  "0.00025": 125,
  "0.0005": 125,
  "0.001": 125,
  "0.002": 125
 },
 "audit_complete": true,
 "pool_unique_ids": 400,
 "pool_duplicate_image_hashes": 0,
 "pool_order_matches": true,
 "sigma_known": true
}
replay done
budget done
COMPUTE_DONE
