start baseline 2026-10-04T12:21:11Z
done baseline 2026-10-04T12:26:41Z
{'lock': 'baseline', 'sha256': '2a63722acb8c1e0f3086f730c9431503c3a7ce413aabaa647d69548996b4d4b9'}
014cac9c646a340816b71ab8e656b8320a415801 2026-10-04T12:26:44+00:00 Freeze 7B base outputs and fold baselines before candidate search
start search-shard-00 2026-10-04T12:26:44Z
skip baseline (complete)
skip lock baseline (committed)
start search-shard-00 2026-10-04T12:50:07Z
skip baseline (complete)
skip lock baseline (committed)
start search-shard-00 2026-10-04T12:50:56Z
done search-shard-00 2026-10-04T13:30:41Z
start search-shard-01 2026-10-04T13:30:41Z
done search-shard-01 2026-10-04T14:09:52Z
start search-shard-02 2026-10-04T14:09:52Z
done search-shard-02 2026-10-04T14:50:37Z
all eight search shards complete 2026-10-04T14:50:38Z
{'lock': 'ranking', 'sha256': '702420a6a08432dada1ab09e0fa498ea50ab74736e0eb557dcc488fdd4983378'}
006a9818be7de03d8c5b8859c011b022fba0762e 2026-10-04T14:50:50+00:00 Freeze VANILLA and TRANSFER_MIN top-20 before validation inference
start validation 2026-10-04T14:50:50Z
done validation 2026-10-04T15:17:21Z
{'lock': 'validation', 'sha256': '2c5b7b1c79d7ab82b209d35a431d8bf95b2acd94f94ee77b348d62e38315843d', 'decision': 'NO_GO_TRANSFER_AWARE_VISUAL_SEARCH'}
37076d358a101bdd98ae31bded08797d6eaff1d6 2026-10-04T15:17:25+00:00 Freeze first-bridge validation gate and final candidates before test inference
Validation gate failed: NO_GO_TRANSFER_AWARE_VISUAL_SEARCH; final test not run.
NO_GO_TRANSFER_AWARE_VISUAL_SEARCH
Transfer-aware first bridge complete.
