+ export HF_HOME=/workspace/hf HF_HUB_DISABLE_XET=1
+ HF_HOME=/workspace/hf
+ HF_HUB_DISABLE_XET=1
+ mkdir -p /workspace/repo
+ cd /workspace/repo
+ tar --no-same-owner -xzf /workspace/s17b.tgz
+ M=allenai/OLMo-2-1124-7B-Instruct
+ R=470b1fba1ae01581f270116362ee4aa1b97f4c84
+ CUDA_VISIBLE_DEVICES=0
+ python -u scripts/s1_a_olmo.py --model allenai/OLMo-2-1124-7B-Instruct --rev 470b1fba1ae01581f270116362ee4aa1b97f4c84 --smoke --out /workspace/s17b/smoke
`torch_dtype` is deprecated! Use `dtype` instead!
Fetching 3 files:   0%|          | 0/3 [00:00<?, ?it/s]Fetching 3 files:  33%|███▎      | 1/3 [01:02<02:05, 62.77s/it]Fetching 3 files:  67%|██████▋   | 2/3 [01:06<00:33, 33.05s/it]Fetching 3 files: 100%|██████████| 3/3 [01:11<00:00, 23.86s/it]Fetching 3 files: 100%|██████████| 3/3 [01:11<00:00, 23.86s/it]
Loading checkpoint shards:   0%|          | 0/3 [00:00<?, ?it/s]Loading checkpoint shards: 100%|██████████| 3/3 [00:00<00:00, 108.90it/s]
A_DONE {"n_items": 5, "n_cands": 3, "base_acc": 0.4, "restored_exact": true, "model": "allenai/OLMo-2-1124-7B-Instruct", "rev": "470b1fba1ae01581f270116362ee4aa1b97f4c84", "n_params": 355, "nmax": 411041792, "minutes": 1.6659762819608053, "smoke": true, "r_sigma_0.001": 0.853267519390531, "r_sigma_0.002": 0.6533231627907758, "r_sigma_0.005": 0.07538279039569032}
+ CUDA_VISIBLE_DEVICES=0
+ python -u scripts/s1_a_olmo.py --model allenai/OLMo-2-1124-7B-Instruct --rev 470b1fba1ae01581f270116362ee4aa1b97f4c84 --out /workspace/s17b/A
`torch_dtype` is deprecated! Use `dtype` instead!
Loading checkpoint shards:   0%|          | 0/3 [00:00<?, ?it/s]Loading checkpoint shards: 100%|██████████| 3/3 [00:00<00:00, 173.14it/s]
A_DONE {"n_items": 100, "n_cands": 24, "base_acc": 0.68, "restored_exact": true, "model": "allenai/OLMo-2-1124-7B-Instruct", "rev": "470b1fba1ae01581f270116362ee4aa1b97f4c84", "n_params": 355, "nmax": 411041792, "minutes": 1.872240420182546, "smoke": false, "r_sigma_0.001": 0.9142043592897328, "r_sigma_0.002": 0.7545345627488068, "r_sigma_0.005": 0.24888896078030812}
+ touch /workspace/s17b/S17B_DONE
