+ grep -q '^rc=0 ' /workspace/jobs/01-prep.rc
+ . /workspace/repo/scripts/pod_rv_common.sh
++ export HF_HOME=/workspace/hf HF_HUB_DISABLE_XET=1 VLLM_LOGGING_LEVEL=WARNING
++ HF_HOME=/workspace/hf
++ HF_HUB_DISABLE_XET=1
++ VLLM_LOGGING_LEVEL=WARNING
++ cd /workspace/repo
++ G=4
++ A=results/paper-analysis
++ RV=results/paper-analysis/rv-reviewer-round
++ grep -o 'CAP=[0-9.]*' /workspace/rate.txt
++ cut -d= -f2
+ CAP=17
++ cat /workspace/mp_olmo.txt
+ search_row olmo2 /workspace/rv/olmo2 /workspace/hf/hub/models--allenai--OLMo-2-0425-1B-Instruct/snapshots/48d788eca847d4d7548f375ad03d3c9312f6139e randopt 43 41.5 41.5 33.66 none 17
+ local tag=olmo2 root=/workspace/rv/olmo2 mp=/workspace/hf/hub/models--allenai--OLMo-2-0425-1B-Instruct/snapshots/48d788eca847d4d7548f375ad03d3c9312f6139e prompt=randopt seed=43 roref=41.5 spref=41.5 tbref=33.66 lg=none cap=17
+ mkdir -p /workspace/rv/olmo2
+ launch select /workspace/rv/olmo2 out_fid 1 /workspace/hf/hub/models--allenai--OLMo-2-0425-1B-Instruct/snapshots/48d788eca847d4d7548f375ad03d3c9312f6139e --prompt randopt --first 24 --pop-seed 43
+ local ph=select root=/workspace/rv/olmo2 o=out_fid wpg=1 mp=/workspace/hf/hub/models--allenai--OLMo-2-0425-1B-Instruct/snapshots/48d788eca847d4d7548f375ad03d3c9312f6139e
+ shift 5
+ local W=4
+ pids=()
+ local -a pids
+ mkdir -p /workspace/rv/olmo2
+ local mem
++ python3 -c 'print(round(0.80/1, 2))'
+ mem=0.8
++ seq 0 0
+ for layer in $(seq 0 $((wpg - 1)))
++ seq 0 3
+ for g in $(seq 0 $((G - 1)))
+ local w=0
+ pids[$w]=2107
+ for g in $(seq 0 $((G - 1)))
+ local w=1
+ CUDA_VISIBLE_DEVICES=0
+ python -u scripts/gsm_randopt_fast.py --phase select --worker 0 --workers 4 --root /workspace/rv/olmo2 --out out_fid --model-path /workspace/hf/hub/models--allenai--OLMo-2-0425-1B-Instruct/snapshots/48d788eca847d4d7548f375ad03d3c9312f6139e --gpu-mem 0.8 --prompt randopt --first 24 --pop-seed 43
+ pids[$w]=2108
+ for g in $(seq 0 $((G - 1)))
+ local w=2
+ CUDA_VISIBLE_DEVICES=1
+ python -u scripts/gsm_randopt_fast.py --phase select --worker 1 --workers 4 --root /workspace/rv/olmo2 --out out_fid --model-path /workspace/hf/hub/models--allenai--OLMo-2-0425-1B-Instruct/snapshots/48d788eca847d4d7548f375ad03d3c9312f6139e --gpu-mem 0.8 --prompt randopt --first 24 --pop-seed 43
+ pids[$w]=2109
+ for g in $(seq 0 $((G - 1)))
+ local w=3
+ pids[$w]=2110
+ CUDA_VISIBLE_DEVICES=2
+ python -u scripts/gsm_randopt_fast.py --phase select --worker 2 --workers 4 --root /workspace/rv/olmo2 --out out_fid --model-path /workspace/hf/hub/models--allenai--OLMo-2-0425-1B-Instruct/snapshots/48d788eca847d4d7548f375ad03d3c9312f6139e --gpu-mem 0.8 --prompt randopt --first 24 --pop-seed 43
+ CUDA_VISIBLE_DEVICES=3
+ python -u scripts/gsm_randopt_fast.py --phase select --worker 3 --workers 4 --root /workspace/rv/olmo2 --out out_fid --model-path /workspace/hf/hub/models--allenai--OLMo-2-0425-1B-Instruct/snapshots/48d788eca847d4d7548f375ad03d3c9312f6139e --gpu-mem 0.8 --prompt randopt --first 24 --pop-seed 43
++ seq 0 3
+ for g in $(seq 0 $((G - 1)))
+ local w=0
+ grep -q ENGINE_READY /workspace/rv/olmo2/out_fid_select_0.log
+ kill -0 2107
+ sleep 3
+ grep -q ENGINE_READY /workspace/rv/olmo2/out_fid_select_0.log
+ kill -0 2107
+ sleep 3
+ grep -q ENGINE_READY /workspace/rv/olmo2/out_fid_select_0.log
+ kill -0 2107
+ sleep 3
+ grep -q ENGINE_READY /workspace/rv/olmo2/out_fid_select_0.log
+ kill -0 2107
+ sleep 3
+ grep -q ENGINE_READY /workspace/rv/olmo2/out_fid_select_0.log
+ kill -0 2107
+ sleep 3
+ grep -q ENGINE_READY /workspace/rv/olmo2/out_fid_select_0.log
+ kill -0 2107
+ sleep 3
+ grep -q ENGINE_READY /workspace/rv/olmo2/out_fid_select_0.log
+ kill -0 2107
+ sleep 3
+ grep -q ENGINE_READY /workspace/rv/olmo2/out_fid_select_0.log
+ kill -0 2107
+ sleep 3
+ grep -q ENGINE_READY /workspace/rv/olmo2/out_fid_select_0.log
+ kill -0 2107
+ sleep 3
+ grep -q ENGINE_READY /workspace/rv/olmo2/out_fid_select_0.log
+ kill -0 2107
+ sleep 3
+ grep -q ENGINE_READY /workspace/rv/olmo2/out_fid_select_0.log
+ kill -0 2107
+ sleep 3
+ grep -q ENGINE_READY /workspace/rv/olmo2/out_fid_select_0.log
+ kill -0 2107
+ sleep 3
+ grep -q ENGINE_READY /workspace/rv/olmo2/out_fid_select_0.log
+ kill -0 2107
+ sleep 3
+ grep -q ENGINE_READY /workspace/rv/olmo2/out_fid_select_0.log
+ kill -0 2107
+ sleep 3
+ grep -q ENGINE_READY /workspace/rv/olmo2/out_fid_select_0.log
+ kill -0 2107
+ sleep 3
+ grep -q ENGINE_READY /workspace/rv/olmo2/out_fid_select_0.log
+ kill -0 2107
+ sleep 3
+ grep -q ENGINE_READY /workspace/rv/olmo2/out_fid_select_0.log
+ kill -0 2107
+ sleep 3
+ grep -q ENGINE_READY /workspace/rv/olmo2/out_fid_select_0.log
+ for g in $(seq 0 $((G - 1)))
+ local w=1
+ grep -q ENGINE_READY /workspace/rv/olmo2/out_fid_select_1.log
+ for g in $(seq 0 $((G - 1)))
+ local w=2
+ grep -q ENGINE_READY /workspace/rv/olmo2/out_fid_select_2.log
+ for g in $(seq 0 $((G - 1)))
+ local w=3
+ grep -q ENGINE_READY /workspace/rv/olmo2/out_fid_select_3.log
+ local bad=
++ seq 0 3
+ for w in $(seq 0 $((W - 1)))
+ wait 2107
+ for w in $(seq 0 $((W - 1)))
+ wait 2108
+ for w in $(seq 0 $((W - 1)))
+ wait 2109
+ for w in $(seq 0 $((W - 1)))
+ wait 2110
+ '[' -n '' ']'
+ echo 'LAUNCH_DONE select out_fid W=4'
LAUNCH_DONE select out_fid W=4
+ CUDA_VISIBLE_DEVICES=0
+ python -u scripts/o2_eval.py --prompt randopt --arms base --top50 results/paper-analysis/o2-olmo-prompt/top50_reconstructed.json --model-path /workspace/hf/hub/models--allenai--OLMo-2-0425-1B-Instruct/snapshots/48d788eca847d4d7548f375ad03d3c9312f6139e --out /workspace/rv/olmo2/envtest
+ launch select /workspace/rv/olmo2 out 3 /workspace/hf/hub/models--allenai--OLMo-2-0425-1B-Instruct/snapshots/48d788eca847d4d7548f375ad03d3c9312f6139e --prompt randopt --first 180 --pop-seed 43
+ local ph=select root=/workspace/rv/olmo2 o=out wpg=3 mp=/workspace/hf/hub/models--allenai--OLMo-2-0425-1B-Instruct/snapshots/48d788eca847d4d7548f375ad03d3c9312f6139e
+ shift 5
+ local W=12
+ pids=()
+ local -a pids
+ mkdir -p /workspace/rv/olmo2
+ local mem
++ python3 -c 'print(round(0.80/3, 2))'
+ mem=0.27
++ seq 0 2
+ for layer in $(seq 0 $((wpg - 1)))
++ seq 0 3
+ for g in $(seq 0 $((G - 1)))
+ local w=0
+ pids[$w]=4987
+ for g in $(seq 0 $((G - 1)))
+ local w=1
+ pids[$w]=4988
+ CUDA_VISIBLE_DEVICES=0
+ for g in $(seq 0 $((G - 1)))
+ local w=2
+ python -u scripts/gsm_randopt_fast.py --phase select --worker 0 --workers 12 --root /workspace/rv/olmo2 --out out --model-path /workspace/hf/hub/models--allenai--OLMo-2-0425-1B-Instruct/snapshots/48d788eca847d4d7548f375ad03d3c9312f6139e --gpu-mem 0.27 --prompt randopt --first 180 --pop-seed 43
+ pids[$w]=4989
+ CUDA_VISIBLE_DEVICES=1
+ for g in $(seq 0 $((G - 1)))
+ local w=3
+ python -u scripts/gsm_randopt_fast.py --phase select --worker 1 --workers 12 --root /workspace/rv/olmo2 --out out --model-path /workspace/hf/hub/models--allenai--OLMo-2-0425-1B-Instruct/snapshots/48d788eca847d4d7548f375ad03d3c9312f6139e --gpu-mem 0.27 --prompt randopt --first 180 --pop-seed 43
+ pids[$w]=4990
+ CUDA_VISIBLE_DEVICES=2
+ python -u scripts/gsm_randopt_fast.py --phase select --worker 2 --workers 12 --root /workspace/rv/olmo2 --out out --model-path /workspace/hf/hub/models--allenai--OLMo-2-0425-1B-Instruct/snapshots/48d788eca847d4d7548f375ad03d3c9312f6139e --gpu-mem 0.27 --prompt randopt --first 180 --pop-seed 43
+ CUDA_VISIBLE_DEVICES=3
+ python -u scripts/gsm_randopt_fast.py --phase select --worker 3 --workers 12 --root /workspace/rv/olmo2 --out out --model-path /workspace/hf/hub/models--allenai--OLMo-2-0425-1B-Instruct/snapshots/48d788eca847d4d7548f375ad03d3c9312f6139e --gpu-mem 0.27 --prompt randopt --first 180 --pop-seed 43
++ seq 0 3
+ for g in $(seq 0 $((G - 1)))
+ local w=0
+ grep -q ENGINE_READY /workspace/rv/olmo2/out_select_0.log
+ kill -0 4987
+ sleep 3
+ grep -q ENGINE_READY /workspace/rv/olmo2/out_select_0.log
+ kill -0 4987
+ sleep 3
+ grep -q ENGINE_READY /workspace/rv/olmo2/out_select_0.log
+ kill -0 4987
+ sleep 3
+ grep -q ENGINE_READY /workspace/rv/olmo2/out_select_0.log
+ kill -0 4987
+ sleep 3
+ grep -q ENGINE_READY /workspace/rv/olmo2/out_select_0.log
+ kill -0 4987
+ sleep 3
+ grep -q ENGINE_READY /workspace/rv/olmo2/out_select_0.log
+ kill -0 4987
+ sleep 3
+ grep -q ENGINE_READY /workspace/rv/olmo2/out_select_0.log
+ kill -0 4987
+ sleep 3
+ grep -q ENGINE_READY /workspace/rv/olmo2/out_select_0.log
+ kill -0 4987
+ sleep 3
+ grep -q ENGINE_READY /workspace/rv/olmo2/out_select_0.log
+ kill -0 4987
+ sleep 3
+ grep -q ENGINE_READY /workspace/rv/olmo2/out_select_0.log
+ kill -0 4987
+ sleep 3
+ grep -q ENGINE_READY /workspace/rv/olmo2/out_select_0.log
+ for g in $(seq 0 $((G - 1)))
+ local w=1
+ grep -q ENGINE_READY /workspace/rv/olmo2/out_select_1.log
+ for g in $(seq 0 $((G - 1)))
+ local w=2
+ grep -q ENGINE_READY /workspace/rv/olmo2/out_select_2.log
+ for g in $(seq 0 $((G - 1)))
+ local w=3
+ grep -q ENGINE_READY /workspace/rv/olmo2/out_select_3.log
+ for layer in $(seq 0 $((wpg - 1)))
++ seq 0 3
+ for g in $(seq 0 $((G - 1)))
+ local w=4
+ pids[$w]=5974
+ for g in $(seq 0 $((G - 1)))
+ local w=5
+ CUDA_VISIBLE_DEVICES=0
+ python -u scripts/gsm_randopt_fast.py --phase select --worker 4 --workers 12 --root /workspace/rv/olmo2 --out out --model-path /workspace/hf/hub/models--allenai--OLMo-2-0425-1B-Instruct/snapshots/48d788eca847d4d7548f375ad03d3c9312f6139e --gpu-mem 0.27 --prompt randopt --first 180 --pop-seed 43
+ pids[$w]=5975
+ for g in $(seq 0 $((G - 1)))
+ local w=6
+ CUDA_VISIBLE_DEVICES=1
+ python -u scripts/gsm_randopt_fast.py --phase select --worker 5 --workers 12 --root /workspace/rv/olmo2 --out out --model-path /workspace/hf/hub/models--allenai--OLMo-2-0425-1B-Instruct/snapshots/48d788eca847d4d7548f375ad03d3c9312f6139e --gpu-mem 0.27 --prompt randopt --first 180 --pop-seed 43
+ pids[$w]=5976
+ for g in $(seq 0 $((G - 1)))
+ local w=7
+ CUDA_VISIBLE_DEVICES=2
+ python -u scripts/gsm_randopt_fast.py --phase select --worker 6 --workers 12 --root /workspace/rv/olmo2 --out out --model-path /workspace/hf/hub/models--allenai--OLMo-2-0425-1B-Instruct/snapshots/48d788eca847d4d7548f375ad03d3c9312f6139e --gpu-mem 0.27 --prompt randopt --first 180 --pop-seed 43
+ pids[$w]=5977
+ CUDA_VISIBLE_DEVICES=3
+ python -u scripts/gsm_randopt_fast.py --phase select --worker 7 --workers 12 --root /workspace/rv/olmo2 --out out --model-path /workspace/hf/hub/models--allenai--OLMo-2-0425-1B-Instruct/snapshots/48d788eca847d4d7548f375ad03d3c9312f6139e --gpu-mem 0.27 --prompt randopt --first 180 --pop-seed 43
++ seq 0 3
+ for g in $(seq 0 $((G - 1)))
+ local w=4
+ grep -q ENGINE_READY /workspace/rv/olmo2/out_select_4.log
+ kill -0 5974
+ sleep 3
+ grep -q ENGINE_READY /workspace/rv/olmo2/out_select_4.log
+ kill -0 5974
+ sleep 3
+ grep -q ENGINE_READY /workspace/rv/olmo2/out_select_4.log
+ kill -0 5974
+ sleep 3
+ grep -q ENGINE_READY /workspace/rv/olmo2/out_select_4.log
+ kill -0 5974
+ sleep 3
+ grep -q ENGINE_READY /workspace/rv/olmo2/out_select_4.log
+ kill -0 5974
+ sleep 3
+ grep -q ENGINE_READY /workspace/rv/olmo2/out_select_4.log
+ kill -0 5974
+ sleep 3
+ grep -q ENGINE_READY /workspace/rv/olmo2/out_select_4.log
+ kill -0 5974
+ sleep 3
+ grep -q ENGINE_READY /workspace/rv/olmo2/out_select_4.log
+ kill -0 5974
+ sleep 3
+ grep -q ENGINE_READY /workspace/rv/olmo2/out_select_4.log
+ kill -0 5974
+ sleep 3
+ grep -q ENGINE_READY /workspace/rv/olmo2/out_select_4.log
+ kill -0 5974
+ sleep 3
+ grep -q ENGINE_READY /workspace/rv/olmo2/out_select_4.log
+ for g in $(seq 0 $((G - 1)))
+ local w=5
+ grep -q ENGINE_READY /workspace/rv/olmo2/out_select_5.log
+ for g in $(seq 0 $((G - 1)))
+ local w=6
+ grep -q ENGINE_READY /workspace/rv/olmo2/out_select_6.log
+ for g in $(seq 0 $((G - 1)))
+ local w=7
+ grep -q ENGINE_READY /workspace/rv/olmo2/out_select_7.log
+ for layer in $(seq 0 $((wpg - 1)))
++ seq 0 3
+ for g in $(seq 0 $((G - 1)))
+ local w=8
+ pids[$w]=7034
+ for g in $(seq 0 $((G - 1)))
+ local w=9
+ CUDA_VISIBLE_DEVICES=0
+ python -u scripts/gsm_randopt_fast.py --phase select --worker 8 --workers 12 --root /workspace/rv/olmo2 --out out --model-path /workspace/hf/hub/models--allenai--OLMo-2-0425-1B-Instruct/snapshots/48d788eca847d4d7548f375ad03d3c9312f6139e --gpu-mem 0.27 --prompt randopt --first 180 --pop-seed 43
+ pids[$w]=7035
+ for g in $(seq 0 $((G - 1)))
+ local w=10
+ CUDA_VISIBLE_DEVICES=1
+ python -u scripts/gsm_randopt_fast.py --phase select --worker 9 --workers 12 --root /workspace/rv/olmo2 --out out --model-path /workspace/hf/hub/models--allenai--OLMo-2-0425-1B-Instruct/snapshots/48d788eca847d4d7548f375ad03d3c9312f6139e --gpu-mem 0.27 --prompt randopt --first 180 --pop-seed 43
+ pids[$w]=7036
+ for g in $(seq 0 $((G - 1)))
+ local w=11
+ CUDA_VISIBLE_DEVICES=2
+ python -u scripts/gsm_randopt_fast.py --phase select --worker 10 --workers 12 --root /workspace/rv/olmo2 --out out --model-path /workspace/hf/hub/models--allenai--OLMo-2-0425-1B-Instruct/snapshots/48d788eca847d4d7548f375ad03d3c9312f6139e --gpu-mem 0.27 --prompt randopt --first 180 --pop-seed 43
+ pids[$w]=7037
+ CUDA_VISIBLE_DEVICES=3
+ python -u scripts/gsm_randopt_fast.py --phase select --worker 11 --workers 12 --root /workspace/rv/olmo2 --out out --model-path /workspace/hf/hub/models--allenai--OLMo-2-0425-1B-Instruct/snapshots/48d788eca847d4d7548f375ad03d3c9312f6139e --gpu-mem 0.27 --prompt randopt --first 180 --pop-seed 43
++ seq 0 3
+ for g in $(seq 0 $((G - 1)))
+ local w=8
+ grep -q ENGINE_READY /workspace/rv/olmo2/out_select_8.log
+ kill -0 7034
+ sleep 3
+ grep -q ENGINE_READY /workspace/rv/olmo2/out_select_8.log
+ kill -0 7034
+ sleep 3
+ grep -q ENGINE_READY /workspace/rv/olmo2/out_select_8.log
+ kill -0 7034
+ sleep 3
+ grep -q ENGINE_READY /workspace/rv/olmo2/out_select_8.log
+ kill -0 7034
+ sleep 3
+ grep -q ENGINE_READY /workspace/rv/olmo2/out_select_8.log
+ kill -0 7034
+ sleep 3
+ grep -q ENGINE_READY /workspace/rv/olmo2/out_select_8.log
+ kill -0 7034
+ sleep 3
+ grep -q ENGINE_READY /workspace/rv/olmo2/out_select_8.log
+ kill -0 7034
+ sleep 3
+ grep -q ENGINE_READY /workspace/rv/olmo2/out_select_8.log
+ kill -0 7034
+ sleep 3
+ grep -q ENGINE_READY /workspace/rv/olmo2/out_select_8.log
+ kill -0 7034
+ sleep 3
+ grep -q ENGINE_READY /workspace/rv/olmo2/out_select_8.log
+ kill -0 7034
+ sleep 3
+ grep -q ENGINE_READY /workspace/rv/olmo2/out_select_8.log
+ kill -0 7034
+ sleep 3
+ grep -q ENGINE_READY /workspace/rv/olmo2/out_select_8.log
+ for g in $(seq 0 $((G - 1)))
+ local w=9
+ grep -q ENGINE_READY /workspace/rv/olmo2/out_select_9.log
+ for g in $(seq 0 $((G - 1)))
+ local w=10
+ grep -q ENGINE_READY /workspace/rv/olmo2/out_select_10.log
+ for g in $(seq 0 $((G - 1)))
+ local w=11
+ grep -q ENGINE_READY /workspace/rv/olmo2/out_select_11.log
+ local bad=
++ seq 0 11
+ for w in $(seq 0 $((W - 1)))
+ wait 4987
+ for w in $(seq 0 $((W - 1)))
+ wait 4988
+ for w in $(seq 0 $((W - 1)))
+ wait 4989
+ for w in $(seq 0 $((W - 1)))
+ wait 4990
+ for w in $(seq 0 $((W - 1)))
+ wait 5974
+ for w in $(seq 0 $((W - 1)))
+ wait 5975
+ for w in $(seq 0 $((W - 1)))
+ wait 5976
+ for w in $(seq 0 $((W - 1)))
+ wait 5977
+ for w in $(seq 0 $((W - 1)))
+ wait 7034
+ for w in $(seq 0 $((W - 1)))
+ wait 7035
+ for w in $(seq 0 $((W - 1)))
+ wait 7036
+ for w in $(seq 0 $((W - 1)))
+ wait 7037
+ '[' -n '' ']'
+ echo 'LAUNCH_DONE select out W=12'
LAUNCH_DONE select out W=12
+ tee /workspace/rv/olmo2/gates.txt
++ spent
++ python3 -c 'import time;r=dict(x.split('\''='\'') for x in open('\''/workspace/rate.txt'\'').read().split());print(round((time.time()-int(r['\''START'\'']))/3600*float(r['\''RATE'\'']),2))'
+ python scripts/rv_gates.py --root /workspace/rv/olmo2 --prompt randopt --ro-ref 41.5 --sp-ref 41.5 --tb-ref 33.66 --log none --spent 1.83 --cap 17 --workers 12 --gpus 4
FIDELITY n=0 (no randopt.py log for this population seed)
ENV randopt_base_sel=41.50 (ref 41.5) randopt_base_sel=41.50 (ref 41.5) randopt_base_test=33.66 (ref 33.66) PASS
PROJECTION W=12 sec_per_pert=4.10 smoke_n=180 spent=1.83 proj=15.24 cap=17.0 GO
+ grep -q '^ENV .* PASS$' /workspace/rv/olmo2/gates.txt
+ grep -q '^PROJECTION .* GO$' /workspace/rv/olmo2/gates.txt
+ launch select /workspace/rv/olmo2 out 3 /workspace/hf/hub/models--allenai--OLMo-2-0425-1B-Instruct/snapshots/48d788eca847d4d7548f375ad03d3c9312f6139e --prompt randopt --pop-seed 43
+ local ph=select root=/workspace/rv/olmo2 o=out wpg=3 mp=/workspace/hf/hub/models--allenai--OLMo-2-0425-1B-Instruct/snapshots/48d788eca847d4d7548f375ad03d3c9312f6139e
+ shift 5
+ local W=12
+ pids=()
+ local -a pids
+ mkdir -p /workspace/rv/olmo2
+ local mem
++ python3 -c 'print(round(0.80/3, 2))'
+ mem=0.27
++ seq 0 2
+ for layer in $(seq 0 $((wpg - 1)))
++ seq 0 3
+ for g in $(seq 0 $((G - 1)))
+ local w=0
+ pids[$w]=8530
+ for g in $(seq 0 $((G - 1)))
+ local w=1
+ CUDA_VISIBLE_DEVICES=0
+ python -u scripts/gsm_randopt_fast.py --phase select --worker 0 --workers 12 --root /workspace/rv/olmo2 --out out --model-path /workspace/hf/hub/models--allenai--OLMo-2-0425-1B-Instruct/snapshots/48d788eca847d4d7548f375ad03d3c9312f6139e --gpu-mem 0.27 --prompt randopt --pop-seed 43
+ pids[$w]=8531
+ for g in $(seq 0 $((G - 1)))
+ local w=2
+ CUDA_VISIBLE_DEVICES=1
+ python -u scripts/gsm_randopt_fast.py --phase select --worker 1 --workers 12 --root /workspace/rv/olmo2 --out out --model-path /workspace/hf/hub/models--allenai--OLMo-2-0425-1B-Instruct/snapshots/48d788eca847d4d7548f375ad03d3c9312f6139e --gpu-mem 0.27 --prompt randopt --pop-seed 43
+ pids[$w]=8532
+ for g in $(seq 0 $((G - 1)))
+ local w=3
+ CUDA_VISIBLE_DEVICES=2
+ python -u scripts/gsm_randopt_fast.py --phase select --worker 2 --workers 12 --root /workspace/rv/olmo2 --out out --model-path /workspace/hf/hub/models--allenai--OLMo-2-0425-1B-Instruct/snapshots/48d788eca847d4d7548f375ad03d3c9312f6139e --gpu-mem 0.27 --prompt randopt --pop-seed 43
+ pids[$w]=8533
+ CUDA_VISIBLE_DEVICES=3
+ python -u scripts/gsm_randopt_fast.py --phase select --worker 3 --workers 12 --root /workspace/rv/olmo2 --out out --model-path /workspace/hf/hub/models--allenai--OLMo-2-0425-1B-Instruct/snapshots/48d788eca847d4d7548f375ad03d3c9312f6139e --gpu-mem 0.27 --prompt randopt --pop-seed 43
++ seq 0 3
+ for g in $(seq 0 $((G - 1)))
+ local w=0
+ grep -q ENGINE_READY /workspace/rv/olmo2/out_select_0.log
+ kill -0 8530
+ sleep 3
+ grep -q ENGINE_READY /workspace/rv/olmo2/out_select_0.log
+ kill -0 8530
+ sleep 3
+ grep -q ENGINE_READY /workspace/rv/olmo2/out_select_0.log
+ kill -0 8530
+ sleep 3
+ grep -q ENGINE_READY /workspace/rv/olmo2/out_select_0.log
+ kill -0 8530
+ sleep 3
+ grep -q ENGINE_READY /workspace/rv/olmo2/out_select_0.log
+ kill -0 8530
+ sleep 3
+ grep -q ENGINE_READY /workspace/rv/olmo2/out_select_0.log
+ kill -0 8530
+ sleep 3
+ grep -q ENGINE_READY /workspace/rv/olmo2/out_select_0.log
+ kill -0 8530
+ sleep 3
+ grep -q ENGINE_READY /workspace/rv/olmo2/out_select_0.log
+ kill -0 8530
+ sleep 3
+ grep -q ENGINE_READY /workspace/rv/olmo2/out_select_0.log
+ kill -0 8530
+ sleep 3
+ grep -q ENGINE_READY /workspace/rv/olmo2/out_select_0.log
+ for g in $(seq 0 $((G - 1)))
+ local w=1
+ grep -q ENGINE_READY /workspace/rv/olmo2/out_select_1.log
+ for g in $(seq 0 $((G - 1)))
+ local w=2
+ grep -q ENGINE_READY /workspace/rv/olmo2/out_select_2.log
+ for g in $(seq 0 $((G - 1)))
+ local w=3
+ grep -q ENGINE_READY /workspace/rv/olmo2/out_select_3.log
+ for layer in $(seq 0 $((wpg - 1)))
++ seq 0 3
+ for g in $(seq 0 $((G - 1)))
+ local w=4
+ pids[$w]=9478
+ for g in $(seq 0 $((G - 1)))
+ local w=5
+ pids[$w]=9479
+ for g in $(seq 0 $((G - 1)))
+ local w=6
+ CUDA_VISIBLE_DEVICES=0
+ python -u scripts/gsm_randopt_fast.py --phase select --worker 4 --workers 12 --root /workspace/rv/olmo2 --out out --model-path /workspace/hf/hub/models--allenai--OLMo-2-0425-1B-Instruct/snapshots/48d788eca847d4d7548f375ad03d3c9312f6139e --gpu-mem 0.27 --prompt randopt --pop-seed 43
+ CUDA_VISIBLE_DEVICES=1
+ pids[$w]=9480
+ python -u scripts/gsm_randopt_fast.py --phase select --worker 5 --workers 12 --root /workspace/rv/olmo2 --out out --model-path /workspace/hf/hub/models--allenai--OLMo-2-0425-1B-Instruct/snapshots/48d788eca847d4d7548f375ad03d3c9312f6139e --gpu-mem 0.27 --prompt randopt --pop-seed 43
+ for g in $(seq 0 $((G - 1)))
+ local w=7
+ CUDA_VISIBLE_DEVICES=2
+ python -u scripts/gsm_randopt_fast.py --phase select --worker 6 --workers 12 --root /workspace/rv/olmo2 --out out --model-path /workspace/hf/hub/models--allenai--OLMo-2-0425-1B-Instruct/snapshots/48d788eca847d4d7548f375ad03d3c9312f6139e --gpu-mem 0.27 --prompt randopt --pop-seed 43
+ pids[$w]=9481
+ CUDA_VISIBLE_DEVICES=3
+ python -u scripts/gsm_randopt_fast.py --phase select --worker 7 --workers 12 --root /workspace/rv/olmo2 --out out --model-path /workspace/hf/hub/models--allenai--OLMo-2-0425-1B-Instruct/snapshots/48d788eca847d4d7548f375ad03d3c9312f6139e --gpu-mem 0.27 --prompt randopt --pop-seed 43
++ seq 0 3
+ for g in $(seq 0 $((G - 1)))
+ local w=4
+ grep -q ENGINE_READY /workspace/rv/olmo2/out_select_4.log
+ kill -0 9478
+ sleep 3
+ grep -q ENGINE_READY /workspace/rv/olmo2/out_select_4.log
+ kill -0 9478
+ sleep 3
+ grep -q ENGINE_READY /workspace/rv/olmo2/out_select_4.log
+ kill -0 9478
+ sleep 3
+ grep -q ENGINE_READY /workspace/rv/olmo2/out_select_4.log
+ kill -0 9478
+ sleep 3
+ grep -q ENGINE_READY /workspace/rv/olmo2/out_select_4.log
+ kill -0 9478
+ sleep 3
+ grep -q ENGINE_READY /workspace/rv/olmo2/out_select_4.log
+ kill -0 9478
+ sleep 3
+ grep -q ENGINE_READY /workspace/rv/olmo2/out_select_4.log
+ kill -0 9478
+ sleep 3
+ grep -q ENGINE_READY /workspace/rv/olmo2/out_select_4.log
+ kill -0 9478
+ sleep 3
+ grep -q ENGINE_READY /workspace/rv/olmo2/out_select_4.log
+ kill -0 9478
+ sleep 3
+ grep -q ENGINE_READY /workspace/rv/olmo2/out_select_4.log
+ for g in $(seq 0 $((G - 1)))
+ local w=5
+ grep -q ENGINE_READY /workspace/rv/olmo2/out_select_5.log
+ for g in $(seq 0 $((G - 1)))
+ local w=6
+ grep -q ENGINE_READY /workspace/rv/olmo2/out_select_6.log
+ for g in $(seq 0 $((G - 1)))
+ local w=7
+ grep -q ENGINE_READY /workspace/rv/olmo2/out_select_7.log
+ kill -0 9481
+ sleep 3
+ grep -q ENGINE_READY /workspace/rv/olmo2/out_select_7.log
+ for layer in $(seq 0 $((wpg - 1)))
++ seq 0 3
+ for g in $(seq 0 $((G - 1)))
+ local w=8
+ pids[$w]=10441
+ for g in $(seq 0 $((G - 1)))
+ local w=9
+ CUDA_VISIBLE_DEVICES=0
+ python -u scripts/gsm_randopt_fast.py --phase select --worker 8 --workers 12 --root /workspace/rv/olmo2 --out out --model-path /workspace/hf/hub/models--allenai--OLMo-2-0425-1B-Instruct/snapshots/48d788eca847d4d7548f375ad03d3c9312f6139e --gpu-mem 0.27 --prompt randopt --pop-seed 43
+ pids[$w]=10442
+ for g in $(seq 0 $((G - 1)))
+ local w=10
+ CUDA_VISIBLE_DEVICES=1
+ python -u scripts/gsm_randopt_fast.py --phase select --worker 9 --workers 12 --root /workspace/rv/olmo2 --out out --model-path /workspace/hf/hub/models--allenai--OLMo-2-0425-1B-Instruct/snapshots/48d788eca847d4d7548f375ad03d3c9312f6139e --gpu-mem 0.27 --prompt randopt --pop-seed 43
+ pids[$w]=10443
+ for g in $(seq 0 $((G - 1)))
+ local w=11
+ CUDA_VISIBLE_DEVICES=2
+ python -u scripts/gsm_randopt_fast.py --phase select --worker 10 --workers 12 --root /workspace/rv/olmo2 --out out --model-path /workspace/hf/hub/models--allenai--OLMo-2-0425-1B-Instruct/snapshots/48d788eca847d4d7548f375ad03d3c9312f6139e --gpu-mem 0.27 --prompt randopt --pop-seed 43
+ pids[$w]=10444
+ CUDA_VISIBLE_DEVICES=3
+ python -u scripts/gsm_randopt_fast.py --phase select --worker 11 --workers 12 --root /workspace/rv/olmo2 --out out --model-path /workspace/hf/hub/models--allenai--OLMo-2-0425-1B-Instruct/snapshots/48d788eca847d4d7548f375ad03d3c9312f6139e --gpu-mem 0.27 --prompt randopt --pop-seed 43
++ seq 0 3
+ for g in $(seq 0 $((G - 1)))
+ local w=8
+ grep -q ENGINE_READY /workspace/rv/olmo2/out_select_8.log
+ kill -0 10441
+ sleep 3
+ grep -q ENGINE_READY /workspace/rv/olmo2/out_select_8.log
+ kill -0 10441
+ sleep 3
+ grep -q ENGINE_READY /workspace/rv/olmo2/out_select_8.log
+ kill -0 10441
+ sleep 3
+ grep -q ENGINE_READY /workspace/rv/olmo2/out_select_8.log
+ kill -0 10441
+ sleep 3
+ grep -q ENGINE_READY /workspace/rv/olmo2/out_select_8.log
+ kill -0 10441
+ sleep 3
+ grep -q ENGINE_READY /workspace/rv/olmo2/out_select_8.log
+ kill -0 10441
+ sleep 3
+ grep -q ENGINE_READY /workspace/rv/olmo2/out_select_8.log
+ kill -0 10441
+ sleep 3
+ grep -q ENGINE_READY /workspace/rv/olmo2/out_select_8.log
+ kill -0 10441
+ sleep 3
+ grep -q ENGINE_READY /workspace/rv/olmo2/out_select_8.log
+ kill -0 10441
+ sleep 3
+ grep -q ENGINE_READY /workspace/rv/olmo2/out_select_8.log
+ kill -0 10441
+ sleep 3
+ grep -q ENGINE_READY /workspace/rv/olmo2/out_select_8.log
+ for g in $(seq 0 $((G - 1)))
+ local w=9
+ grep -q ENGINE_READY /workspace/rv/olmo2/out_select_9.log
+ for g in $(seq 0 $((G - 1)))
+ local w=10
+ grep -q ENGINE_READY /workspace/rv/olmo2/out_select_10.log
+ for g in $(seq 0 $((G - 1)))
+ local w=11
+ grep -q ENGINE_READY /workspace/rv/olmo2/out_select_11.log
+ local bad=
++ seq 0 11
+ for w in $(seq 0 $((W - 1)))
+ wait 8530
+ for w in $(seq 0 $((W - 1)))
+ wait 8531
+ for w in $(seq 0 $((W - 1)))
+ wait 8532
+ for w in $(seq 0 $((W - 1)))
+ wait 8533
+ for w in $(seq 0 $((W - 1)))
+ wait 9478
+ for w in $(seq 0 $((W - 1)))
+ wait 9479
+ for w in $(seq 0 $((W - 1)))
+ wait 9480
+ for w in $(seq 0 $((W - 1)))
+ wait 9481
+ for w in $(seq 0 $((W - 1)))
+ wait 10441
+ for w in $(seq 0 $((W - 1)))
+ wait 10442
+ for w in $(seq 0 $((W - 1)))
+ wait 10443
+ for w in $(seq 0 $((W - 1)))
+ wait 10444
+ '[' -n '' ']'
+ echo 'LAUNCH_DONE select out W=12'
LAUNCH_DONE select out W=12
+ launch test /workspace/rv/olmo2 out 1 /workspace/hf/hub/models--allenai--OLMo-2-0425-1B-Instruct/snapshots/48d788eca847d4d7548f375ad03d3c9312f6139e --prompt randopt --pop-seed 43
+ local ph=test root=/workspace/rv/olmo2 o=out wpg=1 mp=/workspace/hf/hub/models--allenai--OLMo-2-0425-1B-Instruct/snapshots/48d788eca847d4d7548f375ad03d3c9312f6139e
+ shift 5
+ local W=4
+ pids=()
+ local -a pids
+ mkdir -p /workspace/rv/olmo2
+ local mem
++ python3 -c 'print(round(0.80/1, 2))'
+ mem=0.8
++ seq 0 0
+ for layer in $(seq 0 $((wpg - 1)))
++ seq 0 3
+ for g in $(seq 0 $((G - 1)))
+ local w=0
+ pids[$w]=15784
+ for g in $(seq 0 $((G - 1)))
+ local w=1
+ CUDA_VISIBLE_DEVICES=0
+ python -u scripts/gsm_randopt_fast.py --phase test --worker 0 --workers 4 --root /workspace/rv/olmo2 --out out --model-path /workspace/hf/hub/models--allenai--OLMo-2-0425-1B-Instruct/snapshots/48d788eca847d4d7548f375ad03d3c9312f6139e --gpu-mem 0.8 --prompt randopt --pop-seed 43
+ pids[$w]=15785
+ for g in $(seq 0 $((G - 1)))
+ local w=2
+ CUDA_VISIBLE_DEVICES=1
+ python -u scripts/gsm_randopt_fast.py --phase test --worker 1 --workers 4 --root /workspace/rv/olmo2 --out out --model-path /workspace/hf/hub/models--allenai--OLMo-2-0425-1B-Instruct/snapshots/48d788eca847d4d7548f375ad03d3c9312f6139e --gpu-mem 0.8 --prompt randopt --pop-seed 43
+ pids[$w]=15786
+ for g in $(seq 0 $((G - 1)))
+ local w=3
+ CUDA_VISIBLE_DEVICES=2
+ python -u scripts/gsm_randopt_fast.py --phase test --worker 2 --workers 4 --root /workspace/rv/olmo2 --out out --model-path /workspace/hf/hub/models--allenai--OLMo-2-0425-1B-Instruct/snapshots/48d788eca847d4d7548f375ad03d3c9312f6139e --gpu-mem 0.8 --prompt randopt --pop-seed 43
+ pids[$w]=15787
+ CUDA_VISIBLE_DEVICES=3
+ python -u scripts/gsm_randopt_fast.py --phase test --worker 3 --workers 4 --root /workspace/rv/olmo2 --out out --model-path /workspace/hf/hub/models--allenai--OLMo-2-0425-1B-Instruct/snapshots/48d788eca847d4d7548f375ad03d3c9312f6139e --gpu-mem 0.8 --prompt randopt --pop-seed 43
++ seq 0 3
+ for g in $(seq 0 $((G - 1)))
+ local w=0
+ grep -q ENGINE_READY /workspace/rv/olmo2/out_test_0.log
+ kill -0 15784
+ sleep 3
+ grep -q ENGINE_READY /workspace/rv/olmo2/out_test_0.log
+ kill -0 15784
+ sleep 3
+ grep -q ENGINE_READY /workspace/rv/olmo2/out_test_0.log
+ kill -0 15784
+ sleep 3
+ grep -q ENGINE_READY /workspace/rv/olmo2/out_test_0.log
+ kill -0 15784
+ sleep 3
+ grep -q ENGINE_READY /workspace/rv/olmo2/out_test_0.log
+ kill -0 15784
+ sleep 3
+ grep -q ENGINE_READY /workspace/rv/olmo2/out_test_0.log
+ kill -0 15784
+ sleep 3
+ grep -q ENGINE_READY /workspace/rv/olmo2/out_test_0.log
+ kill -0 15784
+ sleep 3
+ grep -q ENGINE_READY /workspace/rv/olmo2/out_test_0.log
+ kill -0 15784
+ sleep 3
+ grep -q ENGINE_READY /workspace/rv/olmo2/out_test_0.log
+ kill -0 15784
+ sleep 3
+ grep -q ENGINE_READY /workspace/rv/olmo2/out_test_0.log
+ for g in $(seq 0 $((G - 1)))
+ local w=1
+ grep -q ENGINE_READY /workspace/rv/olmo2/out_test_1.log
+ for g in $(seq 0 $((G - 1)))
+ local w=2
+ grep -q ENGINE_READY /workspace/rv/olmo2/out_test_2.log
+ for g in $(seq 0 $((G - 1)))
+ local w=3
+ grep -q ENGINE_READY /workspace/rv/olmo2/out_test_3.log
+ local bad=
++ seq 0 3
+ for w in $(seq 0 $((W - 1)))
+ wait 15784
+ for w in $(seq 0 $((W - 1)))
+ wait 15785
+ for w in $(seq 0 $((W - 1)))
+ wait 15786
+ for w in $(seq 0 $((W - 1)))
+ wait 15787
+ '[' -n '' ']'
+ echo 'LAUNCH_DONE test out W=4'
LAUNCH_DONE test out W=4
+ touch /workspace/rv/olmo2/DONE
++ spent
++ python3 -c 'import time;r=dict(x.split('\''='\'') for x in open('\''/workspace/rate.txt'\'').read().split());print(round((time.time()-int(r['\''START'\'']))/3600*float(r['\''RATE'\'']),2))'
+ echo 'ROW_DONE olmo2 spent=15.86'
ROW_DONE olmo2 spent=15.86
