`torch_dtype` is deprecated! Use `dtype` instead!
{
  "legacy-add-subtract": {
    "candidate_evaluations": 12,
    "candidate_latency_median_ms": 581.5736860968173,
    "candidate_latency_min_ms": 574.3329850956798,
    "candidate_latency_max_ms": 655.0608826801181,
    "measured_loop_candidates_per_second": 1.6938441977289533,
    "state_wall_fraction": 0.02966540153884631,
    "ideal_state_elimination_speedup_bound": 1.0305723423506619,
    "phase_wall_median_ms": {
      "apply": 8.397069294005632,
      "inference": 563.6765649542212,
      "restore": 8.75684479251504,
      "score": 0.3122258931398392
    },
    "exact_semantics_gate": false,
    "gpu_performance_evidence": true
  },
  "snapshot-copy": {
    "candidate_evaluations": 12,
    "candidate_latency_median_ms": 568.1735975667834,
    "candidate_latency_min_ms": 565.0536371394992,
    "candidate_latency_max_ms": 574.8701691627502,
    "measured_loop_candidates_per_second": 1.7591196987049238,
    "state_wall_fraction": 0.021172299124196468,
    "ideal_state_elimination_speedup_bound": 1.0216302614906103,
    "phase_wall_median_ms": {
      "apply": 9.9682598374784,
      "inference": 555.8457458391786,
      "restore": 2.0207022316753864,
      "score": 0.2476843073964119
    },
    "exact_semantics_gate": true,
    "gpu_performance_evidence": true
  }
}
