`torch_dtype` is deprecated! Use `dtype` instead!
{
  "legacy-add-subtract": {
    "candidate_evaluations": 12,
    "candidate_latency_median_ms": 531.3237230293453,
    "candidate_latency_min_ms": 528.0184140428901,
    "candidate_latency_max_ms": 570.5039435997605,
    "measured_loop_candidates_per_second": 1.86038562930056,
    "state_wall_fraction": 0.040115122896544966,
    "ideal_state_elimination_speedup_bound": 1.041791597985788,
    "phase_wall_median_ms": {
      "apply": 8.249182254076004,
      "inference": 513.0292437970638,
      "restore": 8.323680143803358,
      "score": 0.2979557029902935
    },
    "exact_semantics_gate": false,
    "gpu_performance_evidence": true
  }
}
